Microchip MPLAB XC8 Compiler V3.10

Linker command line:

-W-3 \
  --edf=C:\Program Files\Microchip\xc8\v3.10\pic\dat\20250813170317_en.msgs \
  -cn -h+dist/default/production\BAI1.X.production.sym \
  --cmf=dist/default/production\BAI1.X.production.cmf -z -Q16F877A \
  -oC:\Users\dat\AppData\Local\Temp\xcAs7mw.0\driver_tmp_3.o \
  --defsym=__MPLAB_BUILD=1 --fixupoverflow=error \
  -Mdist/default/production/BAI1.X.production.map \
  --md=C:\Users\dat\AppData\Local\Temp\xcAs7mw.0\driver_tmp_0.dat -E1 \
  -ver=XC8 Compiler -ACODE=00h-07FFhx4 -ASTRCODE=00h-01FFFh \
  -ASTRING=00h-0FFhx32 -ACONST=00h-0FFhx32 -AENTRY=00h-0FFhx32 \
  -ACOMMON=070h-07Fh -ABANK0=020h-06Fh -ABANK1=0A0h-0EFh \
  -ABANK2=0110h-016Fh -ABANK3=0190h-01EFh \
  -ARAM=020h-06Fh,0A0h-0EFh,0110h-016Fh,0190h-01EFh \
  -AABS1=020h-07Fh,0A0h-0EFh,0110h-016Fh,0190h-01EFh -ASFR0=00h-01Fh \
  -ASFR1=080h-09Fh -ASFR2=0100h-010Fh -ASFR3=0180h-018Fh \
  -ACONFIG=02007h-02007h -DCONFIG=2 -AIDLOC=02000h-02003h -DIDLOC=2 \
  -AEEDATA=00h-0FFh/02100h -peeprom_data=EEDATA -DEEDATA=2 -DCODE=2 \
  -DSTRCODE=2 -DSTRING=2 -DCONST=2 -DENTRY=2 \
  -preset_vec=00h,intentry=04h,sivt,init,end_init -ppowerup=CODE \
  -pcinit=CODE -pfunctab=ENTRY -k \
  C:\Users\dat\AppData\Local\Temp\xcAs7mw.0\driver_tmp_12.o \
  dist/default/production\BAI1.X.production.o 

Object code version is 3.11

Machine type is 16F877A



                Name                               Link     Load   Length Selector   Space Scale
C:\Users\dat\AppData\Local\Temp\xcAs7mw.0\driver_tmp_12.o
                end_init                              C        C        3        8       0
                reset_vec                             0        0        3        0       0
dist/default/production\BAI1.X.production.o
                cinit                                 F        F       34        8       0
                intentry                              4        4        8        8       0
                text1                                C9       C9       2C        8       0
                maintext                             43       43       86        8       0
                cstackBANK0                          56       56        7       20       1
                cstackCOMMON                         74       74        4       70       1
                clrtext                             11E      11E        8        8       0
                inittext                            10B      10B       13        8       0
                dataBANK0                            40       40       16       20       1
                bssBANK0                             20       20       20       20       1
                dataCOMMON                           70       70        4       70       1
                bssCOMMON                            78       78        2       70       1
                idataBANK0                           F5       F5       16        8       0
                idataCOMMON                         126      126        4        8       0

TOTAL           Name                               Link     Load   Length     Space
        CLASS   CODE           
                end_init                              C        C        3         0
                cinit                                 F        F       34         0
                intentry                              4        4        8         0
                reset_vec                             0        0        3         0
                text1                                C9       C9       2C         0
                maintext                             43       43       86         0
                clrtext                             11E      11E        8         0
                inittext                            10B      10B       13         0
                idataBANK0                           F5       F5       16         0
                idataCOMMON                         126      126        4         0

        CLASS   STRCODE        

        CLASS   STRING         

        CLASS   CONST          

        CLASS   ENTRY          

        CLASS   COMMON         
                cstackCOMMON                         74       74        4         1
                dataCOMMON                           70       70        4         1
                bssCOMMON                            78       78        2         1

        CLASS   BANK0          
                cstackBANK0                          56       56        7         1
                dataBANK0                            40       40       16         1
                bssBANK0                             20       20       20         1

        CLASS   BANK1          

        CLASS   BANK2          

        CLASS   BANK3          

        CLASS   RAM            

        CLASS   ABS1           
                abs_s1                               7E       7E        2         1

        CLASS   SFR0           

        CLASS   SFR1           

        CLASS   SFR2           

        CLASS   SFR3           

        CLASS   CONFIG         

        CLASS   IDLOC          

        CLASS   EEDATA         

        CLASS   HEAP           

        CLASS   STACK          



SEGMENTS        Name                           Load    Length   Top    Selector   Space  Class     Delta

                reset_vec                      000000  000003  000003         0       0  CODE        2
                intentry                       000004  000126  00012A         8       0  CODE        2
                bssBANK0                       000020  00003D  00005D        20       1  BANK0       1
                dataCOMMON                     000070  00000A  00007A        70       1  COMMON      1


UNUSED ADDRESS RANGES

        Name                Unused          Largest block    Delta
        BANK0            05D-06F            13           1
        BANK1            0A0-0EF            50           1
        BANK2            110-16F            60           1
        BANK3            190-1EF            60           1
        CODE             003-003             1           2
                         12A-1FFF           800
        COMMON           07A-07D             4           1
        CONFIG           2007-2007             1           2
        CONST            003-003             1           2
                         12A-1FFF           100
        EEDATA           2100-21FF           100           2
        ENTRY            003-003             1           2
                         12A-1FFF           100
        IDLOC            2000-2003             4           2
        RAM              05D-06F            13           1
                         0A0-0EF            50
                         110-16F            60
                         190-1EF            60
        SFR0             000-01F            20           1
        SFR1             080-09F            20           1
        SFR2             100-10F            10           1
        SFR3             180-18F            10           1
        STRCODE          003-003             1           2
                         12A-1FFF          1ED6
        STRING           003-003             1           2
                         12A-1FFF           100

                                  Symbol Table

_GIE                     (abs)        05F
_PORTB                   (abs)        006
_PORTC                   (abs)        007
_PORTD                   (abs)        008
_RA0                     (abs)        028
_RA1                     (abs)        029
_RA2                     (abs)        02A
_RA3                     (abs)        02B
_RA4                     (abs)        02C
_RA5                     (abs)        02D
_RB0                     (abs)        030
_RBIE                    (abs)        05B
_RBIF                    (abs)        058
_RE0                     (abs)        048
_RE2                     (abs)        04A
_TRISA0                  (abs)        428
_TRISA1                  (abs)        429
_TRISA2                  (abs)        42A
_TRISA3                  (abs)        42B
_TRISA4                  (abs)        42C
_TRISA5                  (abs)        42D
_TRISB                   (abs)        086
_TRISC                   (abs)        087
_TRISD                   (abs)        088
_TRISE0                  (abs)        448
__H__absolute__          __absolute__ 000
__Habs1                  abs1         000
__Hbank0                 bank0        000
__Hbank1                 bank1        000
__Hbank2                 bank2        000
__Hbank3                 bank3        000
__HbssBANK0              bssBANK0     000
__HbssCOMMON             bssCOMMON    000
__Hcinit                 cinit        043
__Hclrtext               clrtext      000
__Hcode                  code         000
__Hcommon                common       000
__HcstackBANK0           cstackBANK0  000
__HcstackCOMMON          cstackCOMMON 000
__HdataBANK0             dataBANK0    000
__HdataCOMMON            dataCOMMON   000
__Heeprom_data           eeprom_data  000
__Hend_init              end_init     00F
__Hfunctab               functab      000
__Hheap                  heap         000
__HidataBANK0            idataBANK0   000
__HidataCOMMON           idataCOMMON  000
__Hinit                  init         00C
__Hinittext              inittext     000
__Hintentry              intentry     00C
__Hmaintext              maintext     000
__Hpowerup               powerup      000
__Hram                   ram          000
__Hreset_vec             reset_vec    003
__Hsfr0                  sfr0         000
__Hsfr1                  sfr1         000
__Hsfr2                  sfr2         000
__Hsfr3                  sfr3         000
__Hsivt                  sivt         00C
__Hspace_0               (abs)        12A
__Hspace_1               (abs)        07A
__Hspace_2               (abs)        000
__Hspace_3               (abs)        000
__Hstack                 stack        000
__Hstrings               strings      000
__Htext                  text         000
__L__absolute__          __absolute__ 000
__Labs1                  abs1         000
__Lbank0                 bank0        000
__Lbank1                 bank1        000
__Lbank2                 bank2        000
__Lbank3                 bank3        000
__LbssBANK0              bssBANK0     000
__LbssCOMMON             bssCOMMON    000
__Lcinit                 cinit        00F
__Lclrtext               clrtext      000
__Lcode                  code         000
__Lcommon                common       000
__LcstackBANK0           cstackBANK0  000
__LcstackCOMMON          cstackCOMMON 000
__LdataBANK0             dataBANK0    000
__LdataCOMMON            dataCOMMON   000
__Leeprom_data           eeprom_data  000
__Lend_init              end_init     00C
__Lfunctab               functab      000
__Lheap                  heap         000
__LidataBANK0            idataBANK0   000
__LidataCOMMON           idataCOMMON  000
__Linit                  init         00C
__Linittext              inittext     000
__Lintentry              intentry     004
__Lmaintext              maintext     000
__Lpowerup               powerup      000
__Lram                   ram          000
__Lreset_vec             reset_vec    000
__Lsfr0                  sfr0         000
__Lsfr1                  sfr1         000
__Lsfr2                  sfr2         000
__Lsfr3                  sfr3         000
__Lsivt                  sivt         00C
__Lspace_0               (abs)        000
__Lspace_1               (abs)        000
__Lspace_2               (abs)        000
__Lspace_3               (abs)        000
__Lstack                 stack        000
__Lstrings               strings      000
__Ltext                  text         000
__S0                     (abs)        12A
__S1                     (abs)        07A
__S3                     (abs)        000
___heap_hi               (abs)        000
___heap_lo               (abs)        000
___int_sp                stack        000
___int_stack_hi          stack        000
___int_stack_lo          stack        000
___latbits               (abs)        002
___sp                    stack        000
___stack_hi              stack        000
___stack_lo              stack        000
___stackhi               (abs)        000
___stacklo               (abs)        000
__end_of__initialization cinit        03F
__end_of_isr             text1        0F5
__end_of_main            maintext     0C9
__initialization         cinit        00F
__pbssBANK0              bssBANK0     020
__pbssCOMMON             bssCOMMON    078
__pcstackBANK0           cstackBANK0  056
__pcstackCOMMON          cstackCOMMON 074
__pdataBANK0             dataBANK0    040
__pdataCOMMON            dataCOMMON   070
__pidataBANK0            idataBANK0   0F5
__pidataCOMMON           idataCOMMON  126
__pintentry              intentry     004
__pmaintext              maintext     043
__ptext1                 text1        0C9
_arrayMaskInputOfButton  dataBANK0    04A
_arrayMaskInputOfKey     dataBANK0    052
_arrayMaskOutputOfKey    dataCOMMON   070
_isr                     text1        0C9
_key_code                bssBANK0     020
_main                    maintext     043
_read_dataPortB          bssCOMMON    078
_so                      dataBANK0    040
btemp                    (abs)        07E
btemp0                   (abs)        07E
btemp1                   (abs)        07F
clear_ram0               clrtext      11E
end_of_initialization    cinit        03F
init_fetch0              inittext     10B
init_ram0                inittext     10F
interrupt_function       intentry     004
intlevel0                functab      000
intlevel1                functab      000
intlevel2                functab      000
intlevel3                functab      000
intlevel4                functab      000
intlevel5                functab      000
ltemp0a                  (abs)        080
main@dem                 cstackBANK0  059
main@i                   cstackBANK0  05B
nosup@@$_$_CONFIG        (abs)        000
reset_vec                reset_vec    000
saved_w                  (abs)        07E
start                    init         00C
start_initialization     cinit        00F
ttemp0a                  (abs)        07F
wtemp0                   (abs)        07E
wtemp0a                  (abs)        07F


MODULE INFORMATION

Module		Function		Class		Link	Load	Size
bai18led.c
		_main          		CODE           	0043	0000	134

bai18led.c estimated size: 134

shared
		__initialization		CODE           	000F	0000	48

shared estimated size: 48

./interrup.h
		_isr           		CODE           	00C9	0000	44

./interrup.h estimated size: 44

